// Jest Snapshot v1, https://goo.gl/fbAQLP

exports[`Matrix renders all examples 1`] = `
<div>
  <div
    class="nano11fangb"
  >
    <div
      class="nano1d47vpu"
      w="512"
    >
      <progress
        class="nanokmk6w3"
        color="blue "
        value="0.2"
      />
      <style>
        .nanokmk6w3{color:blue }
      </style>
    </div>
    <style>
      .nano1d47vpu{width:512px}
    </style>
    <div
      class="nano1d47vpu"
      w="512"
    >
      <progress
        class="nano1azdsrl"
        color="pink"
        value="0.2"
      />
      <style>
        .nano1azdsrl{color:pink}
      </style>
    </div>
    <style>
      .nano1d47vpu{width:512px}
    </style>
    <div
      class="nano1d47vpu"
      w="512"
    >
      <progress
        class="nano3fmwms"
        color="tomato"
        value="0.2"
      />
      <style>
        .nano3fmwms{color:tomato}
      </style>
    </div>
    <style>
      .nano1d47vpu{width:512px}
    </style>
    <div
      class="nano1d47vpu"
      w="512"
    >
      <progress
        class="nano13y9yz"
        color="purple"
        value="0.2"
      />
      <style>
        .nano13y9yz{color:purple}
      </style>
    </div>
    <style>
      .nano1d47vpu{width:512px}
    </style>
  </div>
  <style>
    .nano11fangb{display:flex}.nano11fangb{overflow-x:auto}
  </style>
  <div
    class="nano11fangb"
  >
    <div
      class="nano1d47vpu"
      w="512"
    >
      <progress
        class="nanokmk6w3"
        color="blue "
        value="0.25"
      />
      <style>
        .nanokmk6w3{color:blue }
      </style>
    </div>
    <style>
      .nano1d47vpu{width:512px}
    </style>
    <div
      class="nano1d47vpu"
      w="512"
    >
      <progress
        class="nano1azdsrl"
        color="pink"
        value="0.25"
      />
      <style>
        .nano1azdsrl{color:pink}
      </style>
    </div>
    <style>
      .nano1d47vpu{width:512px}
    </style>
    <div
      class="nano1d47vpu"
      w="512"
    >
      <progress
        class="nano3fmwms"
        color="tomato"
        value="0.25"
      />
      <style>
        .nano3fmwms{color:tomato}
      </style>
    </div>
    <style>
      .nano1d47vpu{width:512px}
    </style>
    <div
      class="nano1d47vpu"
      w="512"
    >
      <progress
        class="nano13y9yz"
        color="purple"
        value="0.25"
      />
      <style>
        .nano13y9yz{color:purple}
      </style>
    </div>
    <style>
      .nano1d47vpu{width:512px}
    </style>
  </div>
  <style>
    .nano11fangb{display:flex}.nano11fangb{overflow-x:auto}
  </style>
  <div
    class="nano11fangb"
  >
    <div
      class="nano1d47vpu"
      w="512"
    >
      <progress
        class="nanokmk6w3"
        color="blue "
        value="0.3333333333333333"
      />
      <style>
        .nanokmk6w3{color:blue }
      </style>
    </div>
    <style>
      .nano1d47vpu{width:512px}
    </style>
    <div
      class="nano1d47vpu"
      w="512"
    >
      <progress
        class="nano1azdsrl"
        color="pink"
        value="0.3333333333333333"
      />
      <style>
        .nano1azdsrl{color:pink}
      </style>
    </div>
    <style>
      .nano1d47vpu{width:512px}
    </style>
    <div
      class="nano1d47vpu"
      w="512"
    >
      <progress
        class="nano3fmwms"
        color="tomato"
        value="0.3333333333333333"
      />
      <style>
        .nano3fmwms{color:tomato}
      </style>
    </div>
    <style>
      .nano1d47vpu{width:512px}
    </style>
    <div
      class="nano1d47vpu"
      w="512"
    >
      <progress
        class="nano13y9yz"
        color="purple"
        value="0.3333333333333333"
      />
      <style>
        .nano13y9yz{color:purple}
      </style>
    </div>
    <style>
      .nano1d47vpu{width:512px}
    </style>
  </div>
  <style>
    .nano11fangb{display:flex}.nano11fangb{overflow-x:auto}
  </style>
  <div
    class="nano11fangb"
  >
    <div
      class="nano1d47vpu"
      w="512"
    >
      <progress
        class="nanokmk6w3"
        color="blue "
        value="0.75"
      />
      <style>
        .nanokmk6w3{color:blue }
      </style>
    </div>
    <style>
      .nano1d47vpu{width:512px}
    </style>
    <div
      class="nano1d47vpu"
      w="512"
    >
      <progress
        class="nano1azdsrl"
        color="pink"
        value="0.75"
      />
      <style>
        .nano1azdsrl{color:pink}
      </style>
    </div>
    <style>
      .nano1d47vpu{width:512px}
    </style>
    <div
      class="nano1d47vpu"
      w="512"
    >
      <progress
        class="nano3fmwms"
        color="tomato"
        value="0.75"
      />
      <style>
        .nano3fmwms{color:tomato}
      </style>
    </div>
    <style>
      .nano1d47vpu{width:512px}
    </style>
    <div
      class="nano1d47vpu"
      w="512"
    >
      <progress
        class="nano13y9yz"
        color="purple"
        value="0.75"
      />
      <style>
        .nano13y9yz{color:purple}
      </style>
    </div>
    <style>
      .nano1d47vpu{width:512px}
    </style>
  </div>
  <style>
    .nano11fangb{display:flex}.nano11fangb{overflow-x:auto}
  </style>
</div>
`;
